[    0.000000] Linux version 4.15.0-46-generic (buildd@lgw01-amd64-038) (gcc version 7.3.0 (Ubuntu 7.3.0-16ubuntu3)) #49-Ubuntu SMP Wed Feb 6 09:33:07 UTC 2019 (Ubuntu 4.15.0-46.49-generic 4.15.18)
[    0.000000] Command line: BOOT_IMAGE=/boot/vmlinuz-4.15.0-46-generic root=LABEL=cloudimg-rootfs ro console=tty1 console=ttyS0
[    0.000000] KERNEL supported cpus:
[    0.000000]   Intel GenuineIntel
[    0.000000]   AMD AuthenticAMD
[    0.000000]   Centaur CentaurHauls
[    0.000000] [Firmware Bug]: TSC doesn't count with P0 frequency!
[    0.000000] x86/fpu: Supporting XSAVE feature 0x001: 'x87 floating point registers'
[    0.000000] x86/fpu: Supporting XSAVE feature 0x002: 'SSE registers'
[    0.000000] x86/fpu: Supporting XSAVE feature 0x004: 'AVX registers'
[    0.000000] x86/fpu: xstate_offset[2]:  576, xstate_sizes[2]:  256
[    0.000000] x86/fpu: Enabled xstate features 0x7, context size is 832 bytes, using 'standard' format.
[    0.000000] e820: BIOS-provided physical RAM map:
[    0.000000] BIOS-e820: [mem 0x0000000000000000-0x000000000009fbff] usable
[    0.000000] BIOS-e820: [mem 0x000000000009fc00-0x000000000009ffff] reserved
[    0.000000] BIOS-e820: [mem 0x00000000000f0000-0x00000000000fffff] reserved
[    0.000000] BIOS-e820: [mem 0x0000000000100000-0x000000003ffeffff] usable
[    0.000000] BIOS-e820: [mem 0x000000003fff0000-0x000000003fffffff] ACPI data
[    0.000000] BIOS-e820: [mem 0x00000000fec00000-0x00000000fec00fff] reserved
[    0.000000] BIOS-e820: [mem 0x00000000fee00000-0x00000000fee00fff] reserved
[    0.000000] BIOS-e820: [mem 0x00000000fffc0000-0x00000000ffffffff] reserved
[    0.000000] NX (Execute Disable) protection: active
[    0.000000] SMBIOS 2.5 present.
[    0.000000] DMI: innotek GmbH VirtualBox/VirtualBox, BIOS VirtualBox 12/01/2006
[    0.000000] Hypervisor detected: KVM
[    0.000000] e820: last_pfn = 0x3fff0 max_arch_pfn = 0x400000000
[    0.000000] MTRR: Disabled
[    0.000000] x86/PAT: MTRRs disabled, skipping PAT initialization too.
[    0.000000] CPU MTRRs all blank - virtualized system.
[    0.000000] x86/PAT: Configuration [0-7]: WB  WT  UC- UC  WB  WT  UC- UC  
[    0.000000] found SMP MP-table at [mem 0x0009fff0-0x0009ffff] mapped at [        (ptrval)]
[    0.000000] Scanning 1 areas for low memory corruption
[    0.000000] RAMDISK: [mem 0x35ae1000-0x36d67fff]
[    0.000000] ACPI: Early table checksum verification disabled
[    0.000000] ACPI: RSDP 0x00000000000E0000 000024 (v02 VBOX  )
[    0.000000] ACPI: XSDT 0x000000003FFF0030 00003C (v01 VBOX   VBOXXSDT 00000001 ASL  00000061)
[    0.000000] ACPI: FACP 0x000000003FFF00F0 0000F4 (v04 VBOX   VBOXFACP 00000001 ASL  00000061)
[    0.000000] ACPI: DSDT 0x000000003FFF0470 0022EA (v02 VBOX   VBOXBIOS 00000002 INTL 20180105)
[    0.000000] ACPI: FACS 0x000000003FFF0200 000040
[    0.000000] ACPI: FACS 0x000000003FFF0200 000040
[    0.000000] ACPI: APIC 0x000000003FFF0240 00005C (v02 VBOX   VBOXAPIC 00000001 ASL  00000061)
[    0.000000] ACPI: SSDT 0x000000003FFF02A0 0001CC (v01 VBOX   VBOXCPUT 00000002 INTL 20180105)
[    0.000000] No NUMA configuration found
[    0.000000] Faking a node at [mem 0x0000000000000000-0x000000003ffeffff]
[    0.000000] NODE_DATA(0) allocated [mem 0x3ffc5000-0x3ffeffff]
[    0.000000] kvm-clock: cpu 0, msr 0:3ff44001, primary cpu clock
[    0.000000] kvm-clock: Using msrs 4b564d01 and 4b564d00
[    0.000000] kvm-clock: using sched offset of 3754407551 cycles
[    0.000000] clocksource: kvm-clock: mask: 0xffffffffffffffff max_cycles: 0x1cd42e4dffb, max_idle_ns: 881590591483 ns
[    0.000000] Zone ranges:
[    0.000000]   DMA      [mem 0x0000000000001000-0x0000000000ffffff]
[    0.000000]   DMA32    [mem 0x0000000001000000-0x000000003ffeffff]
[    0.000000]   Normal   empty
[    0.000000]   Device   empty
[    0.000000] Movable zone start for each node
[    0.000000] Early memory node ranges
[    0.000000]   node   0: [mem 0x0000000000001000-0x000000000009efff]
[    0.000000]   node   0: [mem 0x0000000000100000-0x000000003ffeffff]
[    0.000000] Reserved but unavailable: 114 pages
[    0.000000] Initmem setup node 0 [mem 0x0000000000001000-0x000000003ffeffff]
[    0.000000] ACPI: PM-Timer IO Port: 0x4008
[    0.000000] IOAPIC[0]: apic_id 2, version 32, address 0xfec00000, GSI 0-23
[    0.000000] ACPI: INT_SRC_OVR (bus 0 bus_irq 0 global_irq 2 dfl dfl)
[    0.000000] ACPI: INT_SRC_OVR (bus 0 bus_irq 9 global_irq 9 low level)
[    0.000000] Using ACPI (MADT) for SMP configuration information
[    0.000000] smpboot: Allowing 2 CPUs, 0 hotplug CPUs
[    0.000000] PM: Registered nosave memory: [mem 0x00000000-0x00000fff]
[    0.000000] PM: Registered nosave memory: [mem 0x0009f000-0x0009ffff]
[    0.000000] PM: Registered nosave memory: [mem 0x000a0000-0x000effff]
[    0.000000] PM: Registered nosave memory: [mem 0x000f0000-0x000fffff]
[    0.000000] e820: [mem 0x40000000-0xfebfffff] available for PCI devices
[    0.000000] Booting paravirtualized kernel on KVM
[    0.000000] clocksource: refined-jiffies: mask: 0xffffffff max_cycles: 0xffffffff, max_idle_ns: 7645519600211568 ns
[    0.000000] random: get_random_bytes called from start_kernel+0x99/0x4fd with crng_init=0
[    0.000000] setup_percpu: NR_CPUS:8192 nr_cpumask_bits:2 nr_cpu_ids:2 nr_node_ids:1
[    0.000000] percpu: Embedded 46 pages/cpu @        (ptrval) s151552 r8192 d28672 u1048576
[    0.000000] PV qspinlock hash table entries: 256 (order: 0, 4096 bytes)
[    0.000000] Built 1 zonelists, mobility grouping on.  Total pages: 257913
[    0.000000] Policy zone: DMA32
[    0.000000] Kernel command line: BOOT_IMAGE=/boot/vmlinuz-4.15.0-46-generic root=LABEL=cloudimg-rootfs ro console=tty1 console=ttyS0
[    0.000000] Memory: 983612K/1048120K available (12300K kernel code, 2473K rwdata, 4252K rodata, 2408K init, 2416K bss, 64508K reserved, 0K cma-reserved)
[    0.000000] SLUB: HWalign=64, Order=0-3, MinObjects=0, CPUs=2, Nodes=1
[    0.000000] ftrace: allocating 39198 entries in 154 pages
[    0.004000] Hierarchical RCU implementation.
[    0.004000] 	RCU restricting CPUs from NR_CPUS=8192 to nr_cpu_ids=2.
[    0.004000] 	Tasks RCU enabled.
[    0.004000] RCU: Adjusting geometry for rcu_fanout_leaf=16, nr_cpu_ids=2
[    0.004000] NR_IRQS: 524544, nr_irqs: 440, preallocated irqs: 16
[    0.004000] Console: colour VGA+ 80x25
[    0.004000] console [tty1] enabled
[    0.004000] console [ttyS0] enabled
[    0.004000] ACPI: Core revision 20170831
[    0.004000] ACPI: 2 ACPI AML tables successfully acquired and loaded
[    0.004000] APIC: Switch to symmetric I/O mode setup
[    0.004000] x2apic enabled
[    0.004000] Switched APIC routing to physical x2apic.
[    0.004000] ..TIMER: vector=0x30 apic1=0 pin1=2 apic2=-1 pin2=-1
[    0.004000] tsc: Detected 3649.770 MHz processor
[    0.004000] Calibrating delay loop (skipped) preset value.. 7299.54 BogoMIPS (lpj=14599080)
[    0.004000] pid_max: default: 32768 minimum: 301
[    0.004000] Security Framework initialized
[    0.004000] Yama: becoming mindful.
[    0.004000] AppArmor: AppArmor initialized
[    0.004000] Dentry cache hash table entries: 131072 (order: 8, 1048576 bytes)
[    0.004000] Inode-cache hash table entries: 65536 (order: 7, 524288 bytes)
[    0.004000] Mount-cache hash table entries: 2048 (order: 2, 16384 bytes)
[    0.004000] Mountpoint-cache hash table entries: 2048 (order: 2, 16384 bytes)
[    0.004000] mce: CPU supports 0 MCE banks
[    0.004000] Last level iTLB entries: 4KB 1024, 2MB 1024, 4MB 512
[    0.004000] Last level dTLB entries: 4KB 1536, 2MB 1536, 4MB 768, 1GB 0
[    0.004000] Spectre V2 : Spectre mitigation: LFENCE not serializing, switching to generic retpoline
[    0.004000] Spectre V2 : Mitigation: Full generic retpoline
[    0.004000] Spectre V2 : Spectre v2 / SpectreRSB mitigation: Filling RSB on context switch
[    0.004000] Speculative Store Bypass: Mitigation: Speculative Store Bypass disabled via prctl and seccomp
[    0.004000] Freeing SMP alternatives memory: 36K
[    0.004000] APIC calibration not consistent with PM-Timer: 96ms instead of 100ms
[    0.004000] APIC delta adjusted to PM-Timer: 6268535 (6018637)
[    0.004000] smpboot: CPU0: AMD Ryzen 7 2700 Eight-Core Processor (family: 0x17, model: 0x8, stepping: 0x2)
[    0.004000] Performance Events: PMU not available due to virtualization, using software events only.
[    0.004000] Hierarchical SRCU implementation.
[    0.004000] NMI watchdog: Perf event create on CPU 0 failed with -2
[    0.004000] NMI watchdog: Perf NMI watchdog permanently disabled
[    0.004000] smp: Bringing up secondary CPUs ...
[    0.004000] x86: Booting SMP configuration:
[    0.004002] .... node  #0, CPUs:      #1
[    0.004000] kvm-clock: cpu 1, msr 0:3ff44041, secondary cpu clock
[    0.004000] mce: CPU supports 0 MCE banks
[    0.006931] smp: Brought up 1 node, 2 CPUs
[    0.006931] smpboot: Max logical packages: 1
[    0.008004] smpboot: Total of 2 processors activated (14599.08 BogoMIPS)
[    0.008645] devtmpfs: initialized
[    0.008645] x86/mm: Memory block size: 128MB
[    0.008834] evm: security.selinux
[    0.009151] evm: security.SMACK64
[    0.009454] evm: security.SMACK64EXEC
[    0.009778] evm: security.SMACK64TRANSMUTE
[    0.010135] evm: security.SMACK64MMAP
[    0.010460] evm: security.apparmor
[    0.010767] evm: security.ima
[    0.011051] evm: security.capability
[    0.012426] clocksource: jiffies: mask: 0xffffffff max_cycles: 0xffffffff, max_idle_ns: 7645041785100000 ns
[    0.012811] futex hash table entries: 512 (order: 3, 32768 bytes)
[    0.013365] pinctrl core: initialized pinctrl subsystem
[    0.013877] RTC time: 20:40:08, date: 04/01/19
[    0.014396] NET: Registered protocol family 16
[    0.014396] audit: initializing netlink subsys (disabled)
[    0.016032] audit: type=2000 audit(1554151214.201:1): state=initialized audit_enabled=0 res=1
[    0.016725] cpuidle: using governor ladder
[    0.016725] cpuidle: using governor menu
[    0.016725] ACPI: bus type PCI registered
[    0.016725] acpiphp: ACPI Hot Plug PCI Controller Driver version: 0.5
[    0.016983] PCI: Using configuration type 1 for base access
[    0.017463] PCI: Using configuration type 1 for extended access
[    0.020538] HugeTLB registered 2.00 MiB page size, pre-allocated 0 pages
[    0.020605] ACPI: Added _OSI(Module Device)
[    0.020605] ACPI: Added _OSI(Processor Device)
[    0.020833] ACPI: Added _OSI(3.0 _SCP Extensions)
[    0.021250] ACPI: Added _OSI(Processor Aggregator Device)
[    0.021716] ACPI: Added _OSI(Linux-Dell-Video)
[    0.022113] ACPI: Added _OSI(Linux-Lenovo-NV-HDMI-Audio)
[    0.024007] ACPI: Added _OSI(Linux-HPI-Hybrid-Graphics)
[    0.024598] ACPI: Executed 1 blocks of module-level executable AML code
[    0.028008] ACPI: Interpreter enabled
[    0.028367] ACPI: (supports S0 S5)
[    0.028691] ACPI: Using IOAPIC for interrupt routing
[    0.029325] PCI: Using host bridge windows from ACPI; if necessary, use "pci=nocrs" and report a bug
[    0.030188] ACPI: Enabled 2 GPEs in block 00 to 07
[    0.035107] ACPI: PCI Root Bridge [PCI0] (domain 0000 [bus 00-ff])
[    0.035671] acpi PNP0A03:00: _OSC: OS supports [ExtendedConfig ASPM ClockPM Segments MSI]
[    0.036885] acpi PNP0A03:00: _OSC: platform does not support [PCIeCapability]
[    0.037921] acpi PNP0A03:00: _OSC: not requesting control; platform does not support [PCIeCapability]
[    0.038702] acpi PNP0A03:00: _OSC: OS requested [PCIeHotplug PME AER PCIeCapability]
[    0.039354] acpi PNP0A03:00: _OSC: platform willing to grant [PCIeHotplug PME AER]
[    0.040003] acpi PNP0A03:00: _OSC failed (AE_SUPPORT); disabling ASPM
[    0.041195] PCI host bridge to bus 0000:00
[    0.041573] pci_bus 0000:00: root bus resource [io  0x0000-0x0cf7 window]
[    0.042127] pci_bus 0000:00: root bus resource [io  0x0d00-0xffff window]
[    0.042687] pci_bus 0000:00: root bus resource [mem 0x000a0000-0x000bffff window]
[    0.043328] pci_bus 0000:00: root bus resource [mem 0x40000000-0xfdffffff window]
[    0.044003] pci_bus 0000:00: root bus resource [bus 00-ff]
[    0.045423] pci 0000:00:01.1: legacy IDE quirk: reg 0x10: [io  0x01f0-0x01f7]
[    0.046031] pci 0000:00:01.1: legacy IDE quirk: reg 0x14: [io  0x03f6]
[    0.046577] pci 0000:00:01.1: legacy IDE quirk: reg 0x18: [io  0x0170-0x0177]
[    0.047162] pci 0000:00:01.1: legacy IDE quirk: reg 0x1c: [io  0x0376]
[    0.055765] pci 0000:00:07.0: quirk: [io  0x4000-0x403f] claimed by PIIX4 ACPI
[    0.056009] pci 0000:00:07.0: quirk: [io  0x4100-0x410f] claimed by PIIX4 SMB
[    0.060163] ACPI: PCI Interrupt Link [LNKA] (IRQs 5 9 10 *11)
[    0.060960] ACPI: PCI Interrupt Link [LNKB] (IRQs 5 9 *10 11)
[    0.061524] ACPI: PCI Interrupt Link [LNKC] (IRQs 5 *9 10 11)
[    0.062099] ACPI: PCI Interrupt Link [LNKD] (IRQs 5 9 10 *11)
[    0.062910] SCSI subsystem initialized
[    0.063302] pci 0000:00:02.0: vgaarb: setting as boot VGA device
[    0.063302] pci 0000:00:02.0: vgaarb: VGA device added: decodes=io+mem,owns=io+mem,locks=none
[    0.064008] pci 0000:00:02.0: vgaarb: bridge control possible
[    0.064490] vgaarb: loaded
[    0.064780] ACPI: bus type USB registered
[    0.065152] usbcore: registered new interface driver usbfs
[    0.065632] usbcore: registered new interface driver hub
[    0.066107] usbcore: registered new device driver usb
[    0.066580] EDAC MC: Ver: 3.0.0
[    0.066580] PCI: Using ACPI for IRQ routing
[    0.068170] NetLabel: Initializing
[    0.068498] NetLabel:  domain hash size = 128
[    0.068887] NetLabel:  protocols = UNLABELED CIPSOv4 CALIPSO
[    0.069377] NetLabel:  unlabeled traffic allowed by default
[    0.069870] clocksource: Switched to clocksource kvm-clock
[    0.078323] VFS: Disk quotas dquot_6.6.0
[    0.078750] VFS: Dquot-cache hash table entries: 512 (order 0, 4096 bytes)
[    0.079407] AppArmor: AppArmor Filesystem Enabled
[    0.079850] pnp: PnP ACPI init
[    0.080866] pnp: PnP ACPI: found 3 devices
[    0.088447] clocksource: acpi_pm: mask: 0xffffff max_cycles: 0xffffff, max_idle_ns: 2085701024 ns
[    0.089272] NET: Registered protocol family 2
[    0.090260] TCP established hash table entries: 8192 (order: 4, 65536 bytes)
[    0.090880] TCP bind hash table entries: 8192 (order: 5, 131072 bytes)
[    0.091422] TCP: Hash tables configured (established 8192 bind 8192)
[    0.092018] UDP hash table entries: 512 (order: 2, 16384 bytes)
[    0.092525] UDP-Lite hash table entries: 512 (order: 2, 16384 bytes)
[    0.093078] NET: Registered protocol family 1
[    0.093473] pci 0000:00:00.0: Limiting direct PCI/PCI transfers
[    0.093988] pci 0000:00:01.0: Activating ISA DMA hang workarounds
[    0.094517] pci 0000:00:02.0: Video device with shadowed ROM at [mem 0x000c0000-0x000dffff]
[    0.095263] Unpacking initramfs...
[    0.096517] Freeing initrd memory: 18972K
[    0.337927] platform rtc_cmos: registered platform RTC device (no PNP device found)
[    0.338609] Scanning for low memory corruption every 60 seconds
[    0.339645] Initialise system trusted keyrings
[    0.340135] Key type blacklist registered
[    0.340545] workingset: timestamp_bits=36 max_order=18 bucket_order=0
[    0.341867] zbud: loaded
[    0.342536] squashfs: version 4.0 (2009/01/31) Phillip Lougher
[    0.343180] fuse init (API version 7.26)
[    0.345635] Key type asymmetric registered
[    0.346032] Asymmetric key parser 'x509' registered
[    0.346483] Block layer SCSI generic (bsg) driver version 0.4 loaded (major 246)
[    0.347230] io scheduler noop registered
[    0.347583] io scheduler deadline registered
[    0.347987] io scheduler cfq registered (default)
[    0.348608] ACPI: AC Adapter [AC] (on-line)
[    0.349054] input: Power Button as /devices/LNXSYSTM:00/LNXPWRBN:00/input/input0
[    0.349755] ACPI: Power Button [PWRF]
[    0.350121] input: Sleep Button as /devices/LNXSYSTM:00/LNXSLPBN:00/input/input1
[    0.350779] ACPI: Sleep Button [SLPF]
[    0.351373] Serial: 8250/16550 driver, 32 ports, IRQ sharing enabled
 	
 !"#$%&'()*+,-./0123456789:;<=>?@ABCDEFGHIJKLMNOPQRSTUVWXYZ[\]^_`abcdefghijklmnopqrstuvwxyz{|}~€‚ƒ„…†‡ˆ‰Š‹ŒŽ‘’“”•–—˜™š›œžŸ ¡¢£¤¥¦§¨©ª«¬­®¯°±²³´µ¶·¸¹º»¼½¾¿ÀÁÂÃÄÅÆÇÈÉÊËÌÍÎÏÐÑÒÓÔÕÖ×ØÙÚÛÜÝÞßàáâãäåæçèéêëìíîïðñòóôõö÷øùúûüýþÿ[    0.372671] 00:02: ttyS0 at I/O 0x3f8 (irq = 4, base_baud = 115200) is a 16550A
[    0.375258] Linux agpgart interface v0.103
[    0.376795] loop: module loaded
[    0.377549] scsi host0: ata_piix
[    0.377994] scsi host1: ata_piix
[    0.378365] ata1: PATA max UDMA/33 cmd 0x1f0 ctl 0x3f6 bmdma 0xd000 irq 14
[    0.378984] ata2: PATA max UDMA/33 cmd 0x170 ctl 0x376 bmdma 0xd008 irq 15
[    0.379694] libphy: Fixed MDIO Bus: probed
[    0.380086] tun: Universal TUN/TAP device driver, 1.6
[    0.380619] PPP generic driver version 2.4.2
[    0.381092] ehci_hcd: USB 2.0 'Enhanced' Host Controller (EHCI) Driver
[    0.381706] ehci-pci: EHCI PCI platform driver
[    0.382155] ehci-platform: EHCI generic platform driver
[    0.382656] ohci_hcd: USB 1.1 'Open' Host Controller (OHCI) Driver
[    0.383177] ohci-pci: OHCI PCI platform driver
[    0.383565] ohci-platform: OHCI generic platform driver
[    0.383998] uhci_hcd: USB Universal Host Controller Interface driver
[    0.384570] i8042: PNP: PS/2 Controller [PNP0303:PS2K,PNP0f03:PS2M] at 0x60,0x64 irq 1,12
[    0.385638] serio: i8042 KBD port at 0x60,0x64 irq 1
[    0.386077] serio: i8042 AUX port at 0x60,0x64 irq 12
[    0.386621] mousedev: PS/2 mouse device common for all mice
[    0.387310] input: AT Translated Set 2 keyboard as /devices/platform/i8042/serio0/input/input2
[    0.388305] rtc_cmos rtc_cmos: rtc core: registered rtc_cmos as rtc0
[    0.388873] rtc_cmos rtc_cmos: alarms up to one day, 114 bytes nvram
[    0.389410] i2c /dev entries driver
[    0.389733] pcie_mp2_amd: AMD(R) PCI-E MP2 Communication Driver Version: 1.0
[    0.390344] device-mapper: uevent: version 1.0.3
[    0.390975] device-mapper: ioctl: 4.37.0-ioctl (2017-09-20) initialised: dm-devel@redhat.com
[    0.391742] ledtrig-cpu: registered to indicate activity on CPUs
[    0.392583] NET: Registered protocol family 10
[    0.395587] Segment Routing with IPv6
[    0.395958] NET: Registered protocol family 17
[    0.396417] Key type dns_resolver registered
[    0.396948] RAS: Correctable Errors collector initialized.
[    0.397454] sched_clock: Marking stable (396916637, 0)->(596235906, -199319269)
[    0.398331] registered taskstats version 1
[    0.398690] Loading compiled-in X.509 certificates
[    0.400642] Loaded X.509 cert 'Build time autogenerated kernel key: b873a790e41754b50f7dbae45b6bd46229c3c73f'
[    0.401470] zswap: loaded using pool lzo/zbud
[    0.403993] Key type big_key registered
[    0.404360] Key type trusted registered
[    0.405773] Key type encrypted registered
[    0.406131] AppArmor: AppArmor sha1 policy hashing enabled
[    0.406586] ima: No TPM chip found, activating TPM-bypass! (rc=-19)
[    0.407091] ima: Allocated hash algorithm: sha1
[    0.407485] evm: HMAC attrs: 0x1
[    0.407982]   Magic number: 15:316:699
[    0.408409] rtc_cmos rtc_cmos: setting system clock to 2019-04-01 20:40:09 UTC (1554151209)
[    0.409176] BIOS EDD facility v0.16 2004-Jun-25, 0 devices found
[    0.409697] EDD information not available.
[    0.538749] Freeing unused kernel memory: 2408K
[    0.567922] Write protecting the kernel read-only data: 20480k
[    0.568968] Freeing unused kernel memory: 2008K
[    0.572532] Freeing unused kernel memory: 1892K
[    0.578387] x86/mm: Checked W+X mappings: passed, no W+X pages found.
Loading, please wait...
starting version 237
[    0.626231] Fusion MPT base driver 3.04.20
[    0.626234] e1000: Intel(R) PRO/1000 Network Driver - version 7.3.21-k8-NAPI
[    0.626234] e1000: Copyright (c) 1999-2006 Intel Corporation.
[    0.627681] Copyright (c) 1999-2008 LSI Corporation
[    0.631468] Fusion MPT SPI Host driver 3.04.20
[    0.643656] AVX2 version of gcm_enc/dec engaged.
[    0.644156] AES CTR mode by8 optimization enabled
[    0.852739] input: ImExPS/2 Generic Explorer Mouse as /devices/platform/i8042/serio1/input/input4
[    0.958694] e1000 0000:00:03.0 eth0: (PCI:33MHz:32-bit) 02:b8:5a:71:cd:59
[    0.959290] e1000 0000:00:03.0 eth0: Intel(R) PRO/1000 Network Connection
[    0.960572] mptbase: ioc0: Initiating bringup
[    0.960574] e1000 0000:00:03.0 enp0s3: renamed from eth0
[    1.060183] ioc0: LSI53C1030 A0: Capabilities={Initiator}
[    1.116492] tsc: Refined TSC clocksource calibration: 3650.423 MHz
[    1.117059] clocksource: tsc: mask: 0xffffffffffffffff max_cycles: 0x349e63cdb2c, max_idle_ns: 440795231251 ns
[    1.301084] scsi host2: ioc0: LSI53C1030 A0, FwRev=00000000h, Ports=1, MaxQ=256, IRQ=20
[    1.468421] scsi 2:0:0:0: Direct-Access     VBOX     HARDDISK         1.0  PQ: 0 ANSI: 5
[    1.500078] scsi target2:0:0: Beginning Domain Validation
[    1.501069] scsi target2:0:0: Domain Validation skipping write tests
[    1.501668] scsi target2:0:0: Ending Domain Validation
[    1.502139] scsi target2:0:0: asynchronous
[    1.502709] scsi 2:0:1:0: Direct-Access     VBOX     HARDDISK         1.0  PQ: 0 ANSI: 5
[    1.543264] scsi target2:0:1: Beginning Domain Validation
[    1.544444] scsi target2:0:1: Domain Validation skipping write tests
[    1.544974] scsi target2:0:1: Ending Domain Validation
[    1.545440] scsi target2:0:1: asynchronous
[    1.545857] random: fast init done
[    1.548311] random: systemd-udevd: uninitialized urandom read (16 bytes read)
[    1.548435] sd 2:0:0:0: [sda] 20971520 512-byte logical blocks: (10.7 GB/10.0 GiB)
[    1.548460] sd 2:0:0:0: [sda] Write Protect is off
[    1.548508] sd 2:0:0:0: [sda] Incomplete mode parameter data
[    1.548509] sd 2:0:0:0: [sda] Assuming drive cache: write through
[    1.552143] random: systemd-udevd: uninitialized urandom read (16 bytes read)
[    1.552937] random: systemd-udevd: uninitialized urandom read (16 bytes read)
[    1.552996] sd 2:0:0:0: Attached scsi generic sg0 type 0
[    1.553397]  sda: sda1
[    1.554997] sd 2:0:0:0: [sda] Attached SCSI disk
[    1.555534] sd 2:0:1:0: Attached scsi generic sg1 type 0
[    1.556128] sd 2:0:1:0: [sdb] 20480 512-byte logical blocks: (10.5 MB/10.0 MiB)
[    1.556796] sd 2:0:1:0: [sdb] Write Protect is off
[    1.557258] sd 2:0:1:0: [sdb] Incomplete mode parameter data
[    1.557732] sd 2:0:1:0: [sdb] Assuming drive cache: write through
[    1.579916] sd 2:0:1:0: [sdb] Attached SCSI disk
Begin: Loading essential drivers ... [    2.952074] raid6: sse2x1   gen()  7562 MB/s
[    3.000044] raid6: sse2x1   xor()  6968 MB/s
[    3.048121] raid6: sse2x2   gen() 15363 MB/s
[    3.096165] raid6: sse2x2   xor()  9977 MB/s
[    3.144214] raid6: sse2x4   gen() 15862 MB/s
[    3.192180] raid6: sse2x4   xor()  9007 MB/s
[    3.240129] raid6: avx2x1   gen() 17738 MB/s
[    3.288068] raid6: avx2x1   xor() 12877 MB/s
[    3.336170] raid6: avx2x2   gen() 23815 MB/s
[    3.384112] raid6: avx2x2   xor() 13754 MB/s
[    3.432071] raid6: avx2x4   gen() 24060 MB/s
[    3.480998] raid6: avx2x4   xor() 12712 MB/s
[    3.481517] raid6: using algorithm avx2x4 gen() 24060 MB/s
[    3.482136] raid6: .... xor() 12712 MB/s, rmw enabled
[    3.482724] raid6: using avx2x2 recovery algorithm
[    3.484186] xor: automatically using best checksumming function   avx       
[    3.485507] async_tx: api initialized (async)
done.
Begin: Running /scripts/init-premount ... done.
Begin: Mounting root file system ... Begin: Running /scripts/local-top ... done.
Begin: Running /scripts/local-premount ... [    3.519039] Btrfs loaded, crc32c=crc32c-intel
Scanning for Btrfs filesystems
done.
Warning: fsck not present, so skipping root file system
[    3.565215] EXT4-fs (sda1): mounted filesystem with ordered data mode. Opts: (null)
done.
Begin: Running /scripts/local-bottom ... done.
Begin: Running /scripts/init-bottom ... done.
[    4.024935] ip_tables: (C) 2000-2006 Netfilter Core Team
[    4.054517] systemd[1]: systemd 237 running in system mode. (+PAM +AUDIT +SELINUX +IMA +APPARMOR +SMACK +SYSVINIT +UTMP +LIBCRYPTSETUP +GCRYPT +GNUTLS +ACL +XZ +LZ4 +SECCOMP +BLKID +ELFUTILS +KMOD -IDN2 +IDN -PCRE2 default-hierarchy=hybrid)
[    4.056361] systemd[1]: Detected virtualization oracle.
[    4.056829] systemd[1]: Detected architecture x86-64.

Welcome to [1mUbuntu 18.04.2 LTS[0m!

[    4.068060] systemd[1]: Set hostname to <ubuntu>.
[    4.078033] systemd[1]: Initializing machine ID from random generator.
[    4.078656] systemd[1]: Installed transient /etc/machine-id file.
[    4.533914] systemd[1]: Reached target Swap.
[[0;32m  OK  [0m] Reached target Swap.
[    4.534660] systemd[1]: Reached target System Time Synchronized.
[[0;32m  OK  [0m] Reached target System Time Synchronized.
[    4.536423] systemd[1]: Created slice System Slice.
[[0;32m  OK  [0m] Created slice System Slice.
[    4.537181] systemd[1]: Listening on udev Kernel Socket.
[[0;32m  OK  [0m] Listening on udev Kernel Socket.
[[0;32m  OK  [0m] Listening on udev Control Socket.
[[0;32m  OK  [0m] Listening on Syslog Socket.
[[0;32m  OK  [0m] Listening on Journal Socket.
         Starting Remount Root and Kernel File Systems...
         Mounting Kernel Debug File System...
[[0;32m  OK  [0m] Listening on /dev/initctl Compatibility Named Pipe.
[[0;32m  OK  [0m] Listening on Network Service Netlink Socket.
[[0;32m  OK  [0m] Listening on LVM2 poll daemon socket.
         Starting Uncomplicated firewall...
[[0;32m  OK  [0m] Created slice User and Session Slice.
[[0;32m  OK  [0m] Set up automount Arbitrary Executabâ€¦rmats File System Automount Point.
         Starting Set the console keyboard layout...
         Starting udev Coldplug all Devices...
[[0;32m  OK  [0m] Listening on LVM2 metadata daemon socket.
[[0;32m  OK  [0m] Reached target User and Group Name Lookups.
[[0;32m  OK  [0m] Reached target Slices.
[[0;32m  OK  [0m] Listening on Journal Audit Socket.
[[0;32m  OK  [0m] Started Forward Password Requests to Wall Directory Watch.
         Starting Load Kernel Modules...
[[0;32m  OK  [0m] Created slice system-serial\x2dgetty.slice.
         Mounting POSIX Message Queue File System...
[[0;32m  OK  [0m] Listening on Journal Socket (/dev/log).
         Starting Journal Service...
         Starting Create list of required stâ€¦ce nodes for the current kernel...
         Mounting Huge Pages File System...
[[0;32m  OK  [0m] Listening on Device-mapper event daemon FIFOs.
         Starting Monitoring of LVM2 mirrorsâ€¦ng dmeventd or progress polling...
[[0;32m  OK  [0m] Started Uncomplicated firewall.
[    4.662358] Loading iSCSI transport class v2.0-870.
[[0;32m  OK  [0m] Started udev Coldplug all Devices.
[[0;32m  OK  [0m] Started Create list of required staâ€¦vice nodes for the current kernel.
         Starting Create Static Device Nodes in /dev...
[[0;32m  OK  [0m] Started Journal Service.
[    4.787092] iscsi: registered transport (tcp)
[    4.808693] iscsi: registered transport (iser)
[[0;32m  OK  [0m] Started Load Kernel Modules.
         Mounting Kernel Configuration File System...
         Mounting FUSE Control File System...
         Starting Apply Kernel Variables...
[[0;32m  OK  [0m] Started Create Static Device Nodes in /dev.
[[0;32m  OK  [0m] Started Apply Kernel Variables.
[[0;32m  OK  [0m] Mounted Huge Pages File System.
[[0;32m  OK  [0m] Mounted Kernel Debug File System.
[[0;32m  OK  [0m] Started Remount Root and Kernel File Systems.
[[0;32m  OK  [0m] Mounted POSIX Message Queue File System.
[[0;32m  OK  [0m] Mounted Kernel Configuration File System.
[[0;32m  OK  [0m] Mounted FUSE Control File System.
         Starting udev Kernel Device Manager...
         Starting Flush Journal to Persistent Storage...
         Starting Initial cloud-init job (pre-networking)...
         Starting Load/Save Random Seed...
[[0;32m  OK  [0m] Started LVM2 metadata daemon.
[[0;32m  OK  [0m] Started udev Kernel Device Manager.
[[0;32m  OK  [0m] Started Set the console keyboard layout.
[[0;32m  OK  [0m] Started Dispatch Password Requests to Console Directory Watch.
[[0;32m  OK  [0m] Reached target Local Encrypted Volumes.
[[0;32m  OK  [0m] Started Load/Save Random Seed.
[[0;32m  OK  [0m] Started Flush Journal to Persistent Storage.
[[0;32m  OK  [0m] Started Monitoring of LVM2 mirrors,â€¦sing dmeventd or progress polling.
[[0;32m  OK  [0m] Reached target Local File Systems (Pre).
[[0;32m  OK  [0m] Reached target Local File Systems.
         Starting Set console font and keymap...
         Starting AppArmor initialization...
         Starting Commit a transient machine-id on disk...
         Starting Create Volatile Files and Directories...
         Starting ebtables ruleset management...
         Starting Tell Plymouth To Write Out Runtime Data...
[[0;32m  OK  [0m] Started Set console font and keymap.
[[0;32m  OK  [0m] Found device /dev/ttyS0.
[[0;32m  OK  [0m] Started Tell Plymouth To Write Out Runtime Data.
[[0;32m  OK  [0m] Started Commit a transient machine-id on disk.
[[0;32m  OK  [0m] Started Create Volatile Files and Directories.
         Starting Update UTMP about System Boot/Shutdown...
[[0;32m  OK  [0m] Listening on Load/Save RF Kill Switch Status /dev/rfkill Watch.
[[0;32m  OK  [0m] Started Update UTMP about System Boot/Shutdown.
[[0;32m  OK  [0m] Started ebtables ruleset management.
[[0;32m  OK  [0m] Started AppArmor initialization.
[    7.915274] cloud-init[413]: Cloud-init v. 18.5-45-g3554ffe8-0ubuntu1~18.04.1 running 'init-local' at Mon, 01 Apr 2019 20:40:16 +0000. Up 7.53 seconds.
[[0;32m  OK  [0m] Started Initial cloud-init job (pre-networking).
[[0;32m  OK  [0m] Reached target Network (Pre).
         Starting Network Service...
[[0;32m  OK  [0m] Started Network Service.
         Starting Network Name Resolution...
         Starting Wait for Network to be Configured...
[[0;32m  OK  [0m] Started Network Name Resolution.
[[0;32m  OK  [0m] Reached target Host and Network Name Lookups.
[[0;32m  OK  [0m] Reached target Network.
[[0;32m  OK  [0m] Started Wait for Network to be Configured.
         Starting Initial cloud-init job (metadata service crawler)...
[    9.508813] cloud-init[645]: Cloud-init v. 18.5-45-g3554ffe8-0ubuntu1~18.04.1 running 'init' at Mon, 01 Apr 2019 20:40:18 +0000. Up 9.38 seconds.
[    9.509857] cloud-init[645]: ci-info: ++++++++++++++++++++++++++++++++++++++Net device info++++++++++++++++++++++++++++++++++++++
[    9.510690] cloud-init[645]: ci-info: +--------+------+----------------------------+---------------+--------+-------------------+
[    9.511510] cloud-init[645]: ci-info: | Device |  Up  |          Address           |      Mask     | Scope  |     Hw-Address    |
[    9.524211] cloud-init[645]: ci-info: +--------+------+----------------------------+---------------+--------+-------------------+
[    9.524921] cloud-init[645]: ci-info: | enp0s3 | True |         10.0.2.15          | 255.255.255.0 | global | 02:b8:5a:71:cd:59 |
[    9.525770] cloud-init[645]: ci-info: | enp0s3 | True | fe80::b8:5aff:fe71:cd59/64 |       .       |  link  | 02:b8:5a:71:cd:59 |
[    9.526596] cloud-init[645]: ci-info: |   lo   | True |         127.0.0.1          |   255.0.0.0   |  host  |         .         |
[    9.527096] cloud-init[645]: ci-info: |   lo   | True |          ::1/128           |       .       |  host  |         .         |
[    9.536289] cloud-init[645]: ci-info: +--------+------+----------------------------+---------------+--------+-------------------+
[    9.536830] cloud-init[645]: ci-info: ++++++++++++++++++++++++++++Route IPv4 info+++++++++++++++++++++++++++++
[    9.548187] cloud-init[645]: ci-info: +-------+-------------+----------+-----------------+-----------+-------+
[    9.548633] cloud-init[645]: ci-info: | Route | Destination | Gateway  |     Genmask     | Interface | Flags |
[    9.560588] cloud-init[645]: ci-info: +-------+-------------+----------+-----------------+-----------+-------+
[    9.561225] cloud-init[645]: ci-info: |   0   |   0.0.0.0   | 10.0.2.2 |     0.0.0.0     |   enp0s3  |   UG  |
[    9.561792] cloud-init[645]: ci-info: |   1   |   10.0.2.0  | 0.0.0.0  |  255.255.255.0  |   enp0s3  |   U   |
[    9.562329] cloud-init[645]: ci-info: |   2   |   10.0.2.2  | 0.0.0.0  | 255.255.255.255 |   enp0s3  |   UH  |
[    9.562892] cloud-init[645]: ci-info: +-------+-------------+----------+-----------------+-----------+-------+
[    9.563436] cloud-init[645]: ci-info: +++++++++++++++++++Route IPv6 info+++++++++++++++++++
[    9.563925] cloud-init[645]: ci-info: +-------+-------------+---------+-----------+-------+
[    9.564430] cloud-init[645]: ci-info: | Route | Destination | Gateway | Interface | Flags |
[    9.564988] cloud-init[645]: ci-info: +-------+-------------+---------+-----------+-------+
[    9.565567] cloud-init[645]: ci-info: |   1   |  fe80::/64  |    ::   |   enp0s3  |   U   |
[    9.566169] cloud-init[645]: ci-info: |   3   |    local    |    ::   |   enp0s3  |   U   |
[    9.566757] cloud-init[645]: ci-info: |   4   |   ff00::/8  |    ::   |   enp0s3  |   U   |
[    9.567355] cloud-init[645]: ci-info: +-------+-------------+---------+-----------+-------+
[   10.695262] cloud-init[645]: Generating public/private rsa key pair.
[   10.695701] cloud-init[645]: Your identification has been saved in /etc/ssh/ssh_host_rsa_key.
[   10.696141] cloud-init[645]: Your public key has been saved in /etc/ssh/ssh_host_rsa_key.pub.
[   10.696557] cloud-init[645]: The key fingerprint is:
[   10.696830] cloud-init[645]: SHA256:yHCLhAn/YYgHlhKKM/xWOD4oWsOQ6m4z7HJcjJnmZHg root@ubuntu-bionic
[   10.697294] cloud-init[645]: The key's randomart image is:
[   10.697581] cloud-init[645]: +---[RSA 2048]----+
[   10.697837] cloud-init[645]: |+o.              |
[   10.698098] cloud-init[645]: |*B +.            |
[   10.698349] cloud-init[645]: |X.*o=..          |
[   10.698593] cloud-init[645]: |.*++o* o         |
[   10.698852] cloud-init[645]: |oo+Xo + S        |
[   10.699109] cloud-init[645]: |=.E.+            |
[   10.699364] cloud-init[645]: |oO .             |
[   10.699619] cloud-init[645]: |o=+              |
[   10.699875] cloud-init[645]: |++o              |
[   10.700160] cloud-init[645]: +----[SHA256]-----+
[   10.700446] cloud-init[645]: Generating public/private dsa key pair.
[   10.700774] cloud-init[645]: Your identification has been saved in /etc/ssh/ssh_host_dsa_key.
[   10.701213] cloud-init[645]: Your public key has been saved in /etc/ssh/ssh_host_dsa_key.pub.
[   10.701624] cloud-init[645]: The key fingerprint is:
[   10.701887] cloud-init[645]: SHA256:DrBKU1tzxzwRVouG7XJf8XHUrGc9hGqcKnqbiORU6uQ root@ubuntu-bionic
[   10.702321] cloud-init[645]: The key's randomart image is:
[   10.702599] cloud-init[645]: +---[DSA 1024]----+
[   10.702855] cloud-init[645]: |          +o. ..o|
[   10.703109] cloud-init[645]: |         * o o oo|
[   10.703366] cloud-init[645]: |    o o o X + ooo|
[   10.703624] cloud-init[645]: |   . = o + *  .+*|
[   10.703876] cloud-init[645]: |  o o.. S =   .oo|
[   10.704149] cloud-init[645]: | . oo  + + . .   |
[   10.704407] cloud-init[645]: |  .=  . o   .    |
[   10.704653] cloud-init[645]: |  B .....        |
[   10.704910] cloud-init[645]: |   E ..o.        |
[   10.705167] cloud-init[645]: +----[SHA256]-----+
[   10.705419] cloud-init[645]: Generating public/private ecdsa key pair.
[   10.705723] cloud-init[645]: Your identification has been saved in /etc/ssh/ssh_host_ecdsa_key.
[   10.706152] cloud-init[645]: Your public key has been saved in /etc/ssh/ssh_host_ecdsa_key.pub.
[   10.706568] cloud-init[645]: The key fingerprint is:
[   10.706833] cloud-init[645]: SHA256:t7K7xSJ2uHDXf474eTlXx51xD656WLpDmlpLDh3kynU root@ubuntu-bionic
[   10.707258] cloud-init[645]: The key's randomart image is:
[   10.707538] cloud-init[645]: +---[ECDSA 256]---+
[   10.707811] cloud-init[645]: |                 |
[   10.708074] cloud-init[645]: |                 |
[   10.708330] cloud-init[645]: |        .        |
[   10.708579] cloud-init[645]: |       o      ...|
[   10.720241] cloud-init[645]: |        S E  . o*|
[   10.720496] cloud-init[645]: |     . = *... ..*|
[   10.720791] cloud-init[645]: |    . O O+=+ . .o|
[   10.721067] cloud-init[645]: |     + Xo*+ooo= .|
[   10.721374] cloud-init[645]: |      o.*o+*=+.o |
[   10.721637] cloud-init[645]: +----[SHA256]-----+
[   10.721876] cloud-init[645]: Generating public/private ed25519 key pair.
[   10.722249] cloud-init[645]: Your identification has been saved in /etc/ssh/ssh_host_ed25519_key.
[   10.722721] cloud-init[645]: Your public key has been saved in /etc/ssh/ssh_host_ed25519_key.pub.
[   10.723168] cloud-init[645]: The key fingerprint is:
[   10.723455] cloud-init[645]: SHA256:3J5j9IhdtXMz18ByD+lpNdtXW/8ImSI8Ln/LVop88kg root@ubuntu-bionic
[   10.723895] cloud-init[645]: The key's randomart image is:
[   10.724191] cloud-init[645]: +--[ED25519 256]--+
[   10.724460] cloud-init[645]: |                 |
[   10.724737] cloud-init[645]: |             . . |
[   10.725004] cloud-init[645]: |            . B.+|
[   10.725290] cloud-init[645]: |       o .   B BX|
[   10.725549] cloud-init[645]: |        S + = *=O|
[   10.725806] cloud-init[645]: |       . B *.o +*|
[   10.726081] cloud-init[645]: |      ..E.Bo. . .|
[   10.726341] cloud-init[645]: |       +++=.     |
[   10.726632] cloud-init[645]: |        o*+.     |
[   10.726901] cloud-init[645]: +----[SHA256]-----+
[[0;32m  OK  [0m] Started Initial cloud-init job (metadata service crawler).
[[0;32m  OK  [0m] Reached target Network is Online.
[[0;32m  OK  [0m] Reached target Remote File Systems (Pre).
[[0;32m  OK  [0m] Reached target Remote File Systems.
         Starting Availability of block devices...
[[0;32m  OK  [0m] Reached target Cloud-config availability.
[[0;32m  OK  [0m] Reached target System Initialization.
[[0;32m  OK  [0m] Started Daily Cleanup of Temporary Directories.
[[0;32m  OK  [0m] Started Discard unused blocks once a week.
[[0;32m  OK  [0m] Started Daily apt download activities.
[[0;32m  OK  [0m] Started Daily apt upgrade and clean activities.
[[0;32m  OK  [0m] Listening on D-Bus System Message Bus Socket.
         Starting Socket activation for snappy daemon.
[[0;32m  OK  [0m] Started ACPI Events Check.
[[0;32m  OK  [0m] Reached target Paths.
[[0;32m  OK  [0m] Listening on Open-iSCSI iscsid Socket.
[[0;32m  OK  [0m] Listening on UUID daemon activation socket.
[[0;32m  OK  [0m] Started Message of the Day.
         Starting LXD - unix socket.
[[0;32m  OK  [0m] Listening on ACPID Listen Socket.
[[0;32m  OK  [0m] Reached target Timers.
[[0;32m  OK  [0m] Listening on Socket activation for snappy daemon.
[[0;32m  OK  [0m] Listening on LXD - unix socket.
[[0;32m  OK  [0m] Reached target Sockets.
[[0;32m  OK  [0m] Reached target Basic System.
         Starting Accounts Service...
[[0;32m  OK  [0m] Started Deferred execution scheduler.
[[0;32m  OK  [0m] Started FUSE filesystem for LXC.
         Starting Virtualbox guest utils...
[[0;32m  OK  [0m] Started D-Bus System Message Bus.
         Starting Login Service...
         Starting System Logging Service...
         Starting Dispatcher daemon for systemd-networkd...
         Starting Pollinate to seed the pseudo random number generator...
[[0;32m  OK  [0m] Started irqbalance daemon.
         Starting LSB: automatic crash report generation...
         Starting LXD - container startup/shutdown...
[[0;32m  OK  [0m] Started Regular background program processing daemon.
         Starting LSB: Record successful boot for GRUB...
         Starting Permit User Sessions...
         Starting Snappy daemon...
[[0;32m  OK  [0m] Started Availability of block devices.
[[0;32m  OK  [0m] Started System Logging Service.
[[0;32m  OK  [0m] Started Permit User Sessions.
[[0;32m  OK  [0m] Started Login Service.
[[0;32m  OK  [0m] Started Unattended Upgrades Shutdown.
         Starting Hold until boot process finishes up...
         Starting Terminate Plymouth Boot Screen...
         Starting Authorization Manager...
[[0;32m  OK  [0m] Started Hold until boot process finishes up.
[[0;32m  OK  [0m] Started Serial Getty on ttyS0.
         Starting Set console scheme...
[[0;32m  OK  [0m] Started Terminate Plymouth Boot Screen.
[[0;32m  OK  [0m] Started Authorization Manager.
[[0;32m  OK  [0m] Started Accounts Service.
[[0;32m  OK  [0m] Started Set console scheme.
[[0;32m  OK  [0m] Created slice system-getty.slice.
[[0;32m  OK  [0m] Started Getty on tty1.
[[0;32m  OK  [0m] Reached target Login Prompts.
[[0;32m  OK  [0m] Started LSB: automatic crash report generation.
[[0;32m  OK  [0m] Started LSB: Record successful boot for GRUB.
[[0;32m  OK  [0m] Started Virtualbox guest utils.
[[0;32m  OK  [0m] Started LXD - container startup/shutdown.
[[0;32m  OK  [0m] Started Dispatcher daemon for systemd-networkd.
[[0;32m  OK  [0m] Started Snappy daemon.
         Starting Wait until snapd is fully seeded...
[[0;32m  OK  [0m] Started Pollinate to seed the pseudo random number generator.
         Starting OpenBSD Secure Shell server...
[[0;32m  OK  [0m] Started OpenBSD Secure Shell server.
[[0;32m  OK  [0m] Created slice User Slice of vagrant.
         Starting User Manager for UID 1000...
[[0;32m  OK  [0m] Started Session 1 of user vagrant.
[[0;32m  OK  [0m] Started User Manager for UID 1000.

Ubuntu 18.04.2 LTS ubuntu-bionic ttyS0

ubuntu-bionic login: [   20.143220] cloud-init[1310]: Cloud-init v. 18.5-45-g3554ffe8-0ubuntu1~18.04.1 running 'modules:config' at Mon, 01 Apr 2019 20:40:26 +0000. Up 17.10 seconds.
ci-info: no authorized ssh keys fingerprints found for user ubuntu.
<14>Apr  1 20:40:29 ec2: 
<14>Apr  1 20:40:29 ec2: #############################################################
<14>Apr  1 20:40:29 ec2: -----BEGIN SSH HOST KEY FINGERPRINTS-----
<14>Apr  1 20:40:29 ec2: 1024 SHA256:DrBKU1tzxzwRVouG7XJf8XHUrGc9hGqcKnqbiORU6uQ root@ubuntu-bionic (DSA)
<14>Apr  1 20:40:29 ec2: 256 SHA256:t7K7xSJ2uHDXf474eTlXx51xD656WLpDmlpLDh3kynU root@ubuntu-bionic (ECDSA)
<14>Apr  1 20:40:29 ec2: 256 SHA256:3J5j9IhdtXMz18ByD+lpNdtXW/8ImSI8Ln/LVop88kg root@ubuntu-bionic (ED25519)
<14>Apr  1 20:40:29 ec2: 2048 SHA256:yHCLhAn/YYgHlhKKM/xWOD4oWsOQ6m4z7HJcjJnmZHg root@ubuntu-bionic (RSA)
<14>Apr  1 20:40:29 ec2: -----END SSH HOST KEY FINGERPRINTS-----
<14>Apr  1 20:40:29 ec2: #############################################################
-----BEGIN SSH HOST KEY KEYS-----
ecdsa-sha2-nistp256 AAAAE2VjZHNhLXNoYTItbmlzdHAyNTYAAAAIbmlzdHAyNTYAAABBBC/7u5CIT1WwTgsyOFHoIVSvrP1KVW0lzIBs/c1xT8ojZdpZmyI4ZJalDUpp6guA851Qehn9sRQVzfk+8x9gS8Q= root@ubuntu-bionic
ssh-ed25519 AAAAC3NzaC1lZDI1NTE5AAAAIIzKRSR2fHaRuNsapbZRbcq541PlX5rojh2tB2hqLRS4 root@ubuntu-bionic
ssh-rsa AAAAB3NzaC1yc2EAAAADAQABAAABAQDthfjgygZLVfGV9S2Np/mHkROPhw3htCfKx9kqX1OrSDxZYhow/CFoajK8GZmyHsJ1Xvd+qGFaeUbHwyDOQbQnyYxzTxpWBoFwYC6QKTFm8K10mwEWxLZNbaGf4yQRnoegtKjqRIRd9nTKk7Bdx6zvdDVPXrRGTYx2y9YpM4Awz1aAJ7VK6vifnJC5NREcAPwEQPpOM5VS0EPwIrXU6twY2X86ET7DxHCezIRr5dPTD2iVe0DVzLokVnwcFeH2AwWUx9FR9yBsoIwfISugH+E1namq7gziu+WPInutlwYMycZvjT9qwJaJ+KxLgCrotXUrucgbSBxYc6mHpGMYxwR9 root@ubuntu-bionic
-----END SSH HOST KEY KEYS-----
[   20.633619] cloud-init[1513]: Cloud-init v. 18.5-45-g3554ffe8-0ubuntu1~18.04.1 running 'modules:final' at Mon, 01 Apr 2019 20:40:29 +0000. Up 20.49 seconds.
[   20.633716] cloud-init[1513]: ci-info: no authorized ssh keys fingerprints found for user ubuntu.
[   20.634421] cloud-init[1513]: Cloud-init v. 18.5-45-g3554ffe8-0ubuntu1~18.04.1 finished at Mon, 01 Apr 2019 20:40:29 +0000. Datasource DataSourceNoCloud [seed=/dev/sdb][dsmode=net].  Up 20.62 seconds
